// Jest Snapshot v1, https://goo.gl/fbAQLP

exports[`ProductTitle should render the component correctly with its custom title 1`] = `
<span
  className="productDescription custom-class"
>
  Custom Product
</span>
`;

exports[`ProductTitle should show the component with its product name 1`] = `
<div
  className="productCard undefined"
>
  <span
    className="productDescription undefined"
  >
    Coffee Mug - No Image
  </span>
</div>
`;
